
> zenreader@0.0.0 test
> vitest --run


[7m[1m[36m RUN [39m[22m[27m [36mv1.6.1[39m [90mC:/Users/cecil/Repos/ZenReader[39m

 [33mΓ¥»[39m src/App.test.tsx [2m ([22m[2m0 test[22m[2m)[22m

ΓÄ»ΓÄ»ΓÄ»ΓÄ»ΓÄ»ΓÄ» Failed Suites 1 ΓÄ»ΓÄ»ΓÄ»ΓÄ»ΓÄ»ΓÄ»ΓÄ»

 FAIL  src/App.test.tsx [ src/App.test.tsx ]
Error: Failed to resolve import "./App" from "src/App.test.tsx". Does the file exist?
 Γ¥» TransformPluginContext._formatError node_modules/vitest/node_modules/vite/dist/node/chunks/dep-BK3b2jBa.js:49258:41
 Γ¥» TransformPluginContext.error node_modules/vitest/node_modules/vite/dist/node/chunks/dep-BK3b2jBa.js:49253:16
 Γ¥» normalizeUrl node_modules/vitest/node_modules/vite/dist/node/chunks/dep-BK3b2jBa.js:64307:23
 Γ¥» async file:/C:/Users/cecil/Repos/ZenReader/node_modules/vitest/node_modules/vite/dist/node/chunks/dep-BK3b2jBa.js:64439:39
 Γ¥» TransformPluginContext.transform node_modules/vitest/node_modules/vite/dist/node/chunks/dep-BK3b2jBa.js:64366:7
 Γ¥» PluginContainer.transform node_modules/vitest/node_modules/vite/dist/node/chunks/dep-BK3b2jBa.js:49099:18
 Γ¥» loadAndTransform node_modules/vitest/node_modules/vite/dist/node/chunks/dep-BK3b2jBa.js:51978:27

ΓÄ»ΓÄ»ΓÄ»ΓÄ»ΓÄ»ΓÄ»ΓÄ»ΓÄ»ΓÄ»ΓÄ»ΓÄ»ΓÄ»ΓÄ»ΓÄ»ΓÄ»ΓÄ»ΓÄ»ΓÄ»ΓÄ»ΓÄ»ΓÄ»ΓÄ»ΓÄ»ΓÄ»[1/1]ΓÄ»

[2m Test Files [22m [1m[31m1 failed[39m[22m[90m (1)[39m
[2m      Tests [22m [2mno tests[22m
[2m   Start at [22m 11:45:35
[2m   Duration [22m 1.20s[2m (transform 33ms, setup 130ms, collect 0ms, tests 0ms, environment 685ms, prepare 130ms)[22m

